// Vitest Snapshot v1, https://vitest.dev/guide/snapshot.html

exports[`HomePage Snapshots > matches snapshots 1`] = `
<div
  class="flex flex-1 flex-col items-center justify-center px-2"
>
  <h1
    class="font-display my-12 flex flex-col items-center justify-center gap-2 md:mt-5 md:mb-20 md:flex-row"
    data-testid="main-heading"
  >
    <span>
      Shop Smarter,
    </span>
    <span>
      Live Better
    </span>
  </h1>
  <div
    class="max-w-2xs md:max-w-2xl"
  >
    <div
      data-testid="carousel"
    >
      Carousel Component
    </div>
    <div
      class="my-10 flex w-full flex-col gap-4 md:flex-row md:justify-center md:gap-10"
    >
      <button
        class="flex flex-1 cursor-pointer rounded-[2px]"
        data-testid="button"
      >
        <a
          class=""
          data-discover="true"
          href="/products"
        >
          Shop Now
        </a>
      </button>
      <button
        class="flex flex-1 cursor-pointer rounded-[2px]"
        data-testid="button"
        variant="outline"
      >
        <a
          class=""
          data-discover="true"
          href="/login"
        >
          Sign In
        </a>
      </button>
    </div>
  </div>
</div>
`;
